hive> create database ineuron_db;
OK

=================================================
CREATING TABLES
-----------------------------------------

Time taken: 0.165 seconds
hive> create table  emp_details2
    > (
    > emp_name int,
    > unit string,
    > exp int,
    > location string
    > )
    > row format delimited
    > fields terminated by ','
    > STORED AS TEXTFILE;
OK
Time taken: 0.616 seconds
hive> DESCRIBE emp_details2;
OK
emp_name                int
unit                    string
exp                     int
location                string
Time taken: 0.458 seconds, Fetched: 4 row(s)
hive> ALTER TABLE emp_details2 RENAME TO employee_details;
OK
Time taken: 0.799 seconds

====================================================
ALTERING TABLES
-----------------------------------------------------


hive> ALTER TABLE employee_details
    > CHANGE COLUMN emp_name emppp_name STRING
    > COMMENT 'Employee Name'
    > AFTER unit;
OK
Time taken: 0.905 seconds

===================================
CREATE VIEW 
========================

hive> CREATE VIEW emp_view1 AS SELECT emppp_name FROM employee_details limit 1;
OK
Time taken: 0.817 seconds
hive>
    > SELECT * FROM emp_view;
FAILED: SemanticException [Error 10001]: Line 1:14 Table not found 'emp_view'
hive> SELECT * FROM emp_view1;
Query ID = root_20230222104456_e6738aa4-04d3-44be-a713-fcfcf980624b
Total jobs = 1
Launching Job 1 out of 1
Status: Running (Executing on YARN cluster with App id application_1677049801670_0027)

--------------------------------------------------------------------------------
        VERTICES      STATUS  TOTAL  COMPLETED  RUNNING  PENDING  FAILED  KILLED
--------------------------------------------------------------------------------
Map 1              SUCCEEDED      0          0        0        0       0       0
Reducer 2 ......   SUCCEEDED      1          1        0        0       0       0
--------------------------------------------------------------------------------
VERTICES: 01/02  [==========================>>] 100%  ELAPSED TIME: 3.07 s
--------------------------------------------------------------------------------
OK
Time taken: 4.348 seconds


----------------------------------------------------------------------
Loading From Local File System
----------------------------------------------------------------------


hive> create table if not exists emp_details
    > (
    > emp_name string,
    > unit string,
    > exp int,
    > location string
    > )
    > row format delimited
    > fields terminated by ','
    > STORED AS TEXTFILE;
OK
Time taken: 0.633 seconds


hive> LOAD DATA LOCAL INPATH '/tmp/emp_details_riyaz.txt' INTO TABLE employee_details;
Loading data to table ineuron_db.employee_details
Table ineuron_db.employee_details stats: [numFiles=1, numRows=0, totalSize=17, rawDataSize=0]
OK
Time taken: 1.149 seconds
hive> select * from employee_details;
OK
riyaz   ops     10      blr
Time taken: 0.135 seconds, Fetched: 1 row(s)

----------------------------------------------------------------------
Loading From HDFS
----------------------------------------------------------------------


hive> create table emp_details
    > (
    > emp_name string,
    > unit string,
    > exp int,
    > location string
    > )
    > row format delimited
    > fields terminated by ','
    > STORED AS TEXTFILE;
OK
Time taken: 0.753 seconds

----------------------------------------------------------------------
Writing to Local FileSystem
----------------------------------------------------------------------


hive> INSERT OVERWRITE LOCAL DIRECTORY '/tmp/output'
    > ROW FORMAT DELIMITED
    > FIELDS TERMINATED BY '|'
    > SELECT * FROM emp_details;
Query ID = root_20230222105731_1e9af717-f1db-4bf8-9c4e-fe9266f69cbc
Total jobs = 1
Launching Job 1 out of 1
--------------------------------------------------------------------------------
        VERTICES      STATUS  TOTAL  COMPLETED  RUNNING  PENDING  FAILED  KILLED
--------------------------------------------------------------------------------
Map 1              SUCCEEDED      0          0        0        0       0       0
--------------------------------------------------------------------------------
VERTICES: 00/01  [>>--------------------------] 0%    ELAPSED TIME: 0.24 s
--------------------------------------------------------------------------------
Moving data to local directory /tmp/output
OK
Time taken: 1.396 seconds



hive> SELECT * FROM emp_details;
OK
Time taken: 0.121 seconds
hive> LOAD DATA LOCAL INPATH '/tmp/emp_details_riyaz.txt' INTO TABLE employee_details;
Loading data to table ineuron_db.employee_details
Table ineuron_db.employee_details stats: [numFiles=2, numRows=0, totalSize=34, rawDataSize=0]
OK
Time taken: 1.498 seconds
hive> select * from employee_details;
OK
riyaz   ops     10      blr
riyaz   ops     10      blr
Time taken: 0.121 seconds, Fetched: 2 row(s)


hive> SELECT emppp_name FROM employee_details;
OK
ops
ops
Time taken: 0.126 seconds, Fetched: 2 row(s)
hive> select * from emp_details where exp >=2;
OK
Time taken: 0.125 seconds
hive> select * from employee_details where exp >=2;
OK
riyaz   ops     10      blr
riyaz   ops     10      blr
Time taken: 0.124 seconds, Fetched: 2 row(s)
hive> select * from employee_details where unit like "%op%";
OK
Time taken: 0.131 seconds

-----------------------------------------------------------------------------------------------
Grouping on the basis of location
-----------------------------------------------------------------------------------------------
hive> SELECT location, COUNT(*) FROM emp_details GROUP BY location;
Query ID = root_20230222111153_68b72443-a6b9-4a71-9f23-47effec9b40d
Total jobs = 1
Launching Job 1 out of 1
Status: Running (Executing on YARN cluster with App id application_1677049801670_0029)

--------------------------------------------------------------------------------
        VERTICES      STATUS  TOTAL  COMPLETED  RUNNING  PENDING  FAILED  KILLED
--------------------------------------------------------------------------------
Map 1              SUCCEEDED      0          0        0        0       0       0
Reducer 2 ......   SUCCEEDED      2          2        0        0       0       0
--------------------------------------------------------------------------------
VERTICES: 01/02  [==========================>>] 100%  ELAPSED TIME: 3.40 s
--------------------------------------------------------------------------------
OK
Time taken: 4.788 seconds

-----------------------------------------------------------------------------------------------
Getting number of employees present in the locations where average experience of employees is
greater than 1.5 years
-----------------------------------------------------------------------------------------------

hive> SELECT location, COUNT(*) FROM emp_details
    > GROUP BY location
    > HAVING AVG(exp) > 1.5;
Query ID = root_20230222111325_76de2a16-8e41-45bf-8934-d7e99a5ec6a1
Total jobs = 1
Launching Job 1 out of 1
Status: Running (Executing on YARN cluster with App id application_1677049801670_0030)

--------------------------------------------------------------------------------
        VERTICES      STATUS  TOTAL  COMPLETED  RUNNING  PENDING  FAILED  KILLED
--------------------------------------------------------------------------------
Map 1              SUCCEEDED      0          0        0        0       0       0
Reducer 2 ......   SUCCEEDED      2          2        0        0       0       0
--------------------------------------------------------------------------------
VERTICES: 01/02  [==========================>>] 100%  ELAPSED TIME: 6.49 s
--------------------------------------------------------------------------------
OK
Time taken: 8.181 seconds

-----------------------------------------------------------------------------------------------
ORDER BY uses a single reducer
-----------------------------------------------------------------------------------------------


hive> SELECT * FROM emp_details ORDER BY exp;
Query ID = root_20230222111345_b477d143-9470-4ce1-8c0e-7242b4740583
Total jobs = 1
Launching Job 1 out of 1
--------------------------------------------------------------------------------
        VERTICES      STATUS  TOTAL  COMPLETED  RUNNING  PENDING  FAILED  KILLED
--------------------------------------------------------------------------------
Map 1              SUCCEEDED      0          0        0        0       0       0
Reducer 2 ......   SUCCEEDED      1          1        0        0       0       0
--------------------------------------------------------------------------------
VERTICES: 01/02  [==========================>>] 100%  ELAPSED TIME: 0.49 s
--------------------------------------------------------------------------------
OK
Time taken: 0.965 seconds
hive>
    > SELECT * FROM emp_details ORDER BY exp DESC;
Query ID = root_20230222111347_b94eab83-4f22-4c31-b61e-7cbec404a99b
Total jobs = 1
Launching Job 1 out of 1
--------------------------------------------------------------------------------
        VERTICES      STATUS  TOTAL  COMPLETED  RUNNING  PENDING  FAILED  KILLED
--------------------------------------------------------------------------------
Map 1              SUCCEEDED      0          0        0        0       0       0
Reducer 2 ......   SUCCEEDED      1          1        0        0       0       0
--------------------------------------------------------------------------------
VERTICES: 01/02  [==========================>>] 100%  ELAPSED TIME: 0.54 s
--------------------------------------------------------------------------------
OK
Time taken: 0.879 seconds

=========================================
--EXPLAIN command that shows the execution plan for a query. The syntax for this statement is as follows:
--EXPLAIN [EXTENDED|DEPENDENCY|AUTHORIZATION] query

hive> EXPLAIN SELECT * FROM emp_details;
OK
Plan not optimized by CBO.

Stage-0
   Fetch Operator
      limit:-1
      Select Operator [SEL_1]
         outputColumnNames:["_col0","_col1","_col2","_col3"]
         TableScan [TS_0]
            alias:emp_details

Time taken: 0.024 seconds, Fetched: 10 row(s)
hive> EXPLAIN SELECT location, COUNT(*) FROM ineuron_db.emp_details GROUP BY location;
OK
Plan not optimized by CBO.

Vertex dependency in root stage
Reducer 2 <- Map 1 (SIMPLE_EDGE)

Stage-0
   Fetch Operator
      limit:-1
      Stage-1
         Reducer 2
         File Output Operator [FS_6]
            compressed:false
            Statistics:Num rows: 1 Data size: 0 Basic stats: PARTIAL Column stats: NONE
            table:{"input format:":"org.apache.hadoop.mapred.TextInputFormat","output format:":"org.apache.hadoop.hive.ql.io.HiveIgnoreKeyTextOutputFormat","serde:":"org.apache.hadoop.hive.serde2.lazy.LazySimpleSerDe"}
            Group By Operator [GBY_4]
            |  aggregations:["count(VALUE._col0)"]
            |  keys:KEY._col0 (type: string)
            |  outputColumnNames:["_col0","_col1"]
            |  Statistics:Num rows: 1 Data size: 0 Basic stats: PARTIAL Column stats: NONE
            |<-Map 1 [SIMPLE_EDGE]
               Reduce Output Operator [RS_3]
                  key expressions:_col0 (type: string)
                  Map-reduce partition columns:_col0 (type: string)
                  sort order:+
                  Statistics:Num rows: 1 Data size: 0 Basic stats: PARTIAL Column stats: NONE
                  value expressions:_col1 (type: bigint)
                  Group By Operator [GBY_2]
                     aggregations:["count()"]
                     keys:location (type: string)
                     outputColumnNames:["_col0","_col1"]
                     Statistics:Num rows: 1 Data size: 0 Basic stats: PARTIAL Column stats: NONE
                     Select Operator [SEL_1]
                        outputColumnNames:["location"]
                        Statistics:Num rows: 1 Data size: 0 Basic stats: PARTIAL Column stats: NONE
                        TableScan [TS_0]
                           alias:emp_details
                           Statistics:Num rows: 1 Data size: 0 Basic stats: PARTIAL Column stats: NONE

Time taken: 0.132 seconds, Fetched: 38 row(s)
hive> drop table emp_details;
OK
Time taken: 0.539 seconds




